[     111ms] [INFO] %cDownload the React DevTools for a better development experience: https://react.dev/link/react-devtools font-weight:bold @ http://localhost:3000/_next/static/chunks/0n6e_next_dist_12aclvs._.js:776
[     127ms] [LOG] [HMR] connected @ http://localhost:3000/_next/static/chunks/0n6e_next_dist_12aclvs._.js:776
[     790ms] [ERROR] Failed to load resource: the server responded with a status of 406 () @ https://vbjxnyhczfvjumaewrye.supabase.co/rest/v1/products?select=*%2Cproduct_variants%28*%29&slug=eq.taza-ceramica-personalizada&active=eq.true:0
[     939ms] [ERROR] Failed to load resource: the server responded with a status of 406 () @ https://vbjxnyhczfvjumaewrye.supabase.co/rest/v1/products?select=*%2Cproduct_variants%28*%29&slug=eq.taza-ceramica-personalizada&active=eq.true:0
[ 2480426ms] [LOG] [Fast Refresh] rebuilding @ http://localhost:3000/_next/static/chunks/0n6e_next_dist_12aclvs._.js:776
[ 2480557ms] [LOG] [Fast Refresh] done in 238ms @ http://localhost:3000/_next/static/chunks/0n6e_next_dist_12aclvs._.js:776
[ 2705882ms] [INFO] %cDownload the React DevTools for a better development experience: https://react.dev/link/react-devtools font-weight:bold @ http://localhost:3000/_next/static/chunks/0n6e_next_dist_12aclvs._.js:776
[ 2705897ms] [LOG] [HMR] connected @ http://localhost:3000/_next/static/chunks/0n6e_next_dist_12aclvs._.js:776
[ 2706197ms] [ERROR] Failed to load resource: the server responded with a status of 406 () @ https://vbjxnyhczfvjumaewrye.supabase.co/rest/v1/products?select=*%2Cproduct_variants%28*%29&slug=eq.taza-ceramica-personalizada&active=eq.true:0
[ 2706326ms] [ERROR] Failed to load resource: the server responded with a status of 406 () @ https://vbjxnyhczfvjumaewrye.supabase.co/rest/v1/products?select=*%2Cproduct_variants%28*%29&slug=eq.taza-ceramica-personalizada&active=eq.true:0
[ 2713734ms] [WARNING] THREE.Clock: This module has been deprecated. Please use THREE.Timer instead. @ http://localhost:3000/_next/static/chunks/0n6e_next_dist_12aclvs._.js:776
[ 2715632ms] [LOG] THREE.WebGLRenderer: Context Lost. @ http://localhost:3000/_next/static/chunks/0n6e_next_dist_12aclvs._.js:776
[ 3405954ms] [LOG] [Fast Refresh] rebuilding @ http://localhost:3000/_next/static/chunks/0n6e_next_dist_12aclvs._.js:776
[ 3406040ms] [LOG] [Fast Refresh] done in 5ms @ http://localhost:3000/_next/static/chunks/0n6e_next_dist_12aclvs._.js:776
[ 3412308ms] [LOG] [Fast Refresh] rebuilding @ http://localhost:3000/_next/static/chunks/0n6e_next_dist_12aclvs._.js:776
[ 3412363ms] [LOG] [Fast Refresh] done in 14ms @ http://localhost:3000/_next/static/chunks/0n6e_next_dist_12aclvs._.js:776
[ 3416133ms] [LOG] [Fast Refresh] done in 14ms @ http://localhost:3000/_next/static/chunks/0n6e_next_dist_12aclvs._.js:776
[ 3416147ms] [LOG] [Fast Refresh] rebuilding @ http://localhost:3000/_next/static/chunks/0n6e_next_dist_12aclvs._.js:776
[ 3416201ms] [LOG] [Fast Refresh] done in 14ms @ http://localhost:3000/_next/static/chunks/0n6e_next_dist_12aclvs._.js:776
[ 3424691ms] [LOG] [Fast Refresh] rebuilding @ http://localhost:3000/_next/static/chunks/0n6e_next_dist_12aclvs._.js:776
[ 3424745ms] [LOG] [Fast Refresh] done in 4ms @ http://localhost:3000/_next/static/chunks/0n6e_next_dist_12aclvs._.js:776
[ 3430733ms] [LOG] [Fast Refresh] done in 4ms @ http://localhost:3000/_next/static/chunks/0n6e_next_dist_12aclvs._.js:776
[ 3430762ms] [LOG] [Fast Refresh] rebuilding @ http://localhost:3000/_next/static/chunks/0n6e_next_dist_12aclvs._.js:776
[ 3430824ms] [LOG] [Fast Refresh] done in 16ms @ http://localhost:3000/_next/static/chunks/0n6e_next_dist_12aclvs._.js:776
[ 3531562ms] [LOG] [Fast Refresh] done in 16ms @ http://localhost:3000/_next/static/chunks/0n6e_next_dist_12aclvs._.js:776
[ 3535847ms] [LOG] [Fast Refresh] rebuilding @ http://localhost:3000/_next/static/chunks/0n6e_next_dist_12aclvs._.js:776
[ 3535900ms] [LOG] [Fast Refresh] done in 14ms @ http://localhost:3000/_next/static/chunks/0n6e_next_dist_12aclvs._.js:776
[ 3556420ms] [LOG] [Fast Refresh] done in 14ms @ http://localhost:3000/_next/static/chunks/0n6e_next_dist_12aclvs._.js:776
[ 3556462ms] [LOG] [Fast Refresh] done in 14ms @ http://localhost:3000/_next/static/chunks/0n6e_next_dist_12aclvs._.js:776
[ 3576406ms] [LOG] [Fast Refresh] done in 14ms @ http://localhost:3000/_next/static/chunks/0n6e_next_dist_12aclvs._.js:776
[ 3725065ms] [WARNING] THREE.Clock: This module has been deprecated. Please use THREE.Timer instead. @ http://localhost:3000/_next/static/chunks/0n6e_next_dist_12aclvs._.js:776
[ 3726101ms] [LOG] [Fast Refresh] done in 14ms @ http://localhost:3000/_next/static/chunks/0n6e_next_dist_12aclvs._.js:776
[ 4115498ms] [LOG] [Fast Refresh] done in 14ms @ http://localhost:3000/_next/static/chunks/0n6e_next_dist_12aclvs._.js:776
[ 4115554ms] [ERROR] ./app/personalizar/[slug]/page.tsx:481:13
Error: Expected '</', got '{'
  479 |             </div>
  480 |
> 481 |             {/* Action bar for active layer */}
      |             ^
  482 |             {activeLayerId && (() => {
  483 |               const layer = layers.find(l => l.id === activeLayerId);
  484 |               if (!layer) return null;

Parsing ecmascript source code failed

Import traces:
  Client Component Browser:
    ./app/personalizar/[slug]/page.tsx [Client Component Browser]
    ./app/personalizar/[slug]/page.tsx [Server Component]

  Client Component SSR:
    ./app/personalizar/[slug]/page.tsx [Client Component SSR]
    ./app/personalizar/[slug]/page.tsx [Server Component] @ http://localhost:3000/_next/static/chunks/0n6e_next_dist_12aclvs._.js:1052
[ 4115615ms] [LOG] [Fast Refresh] rebuilding @ http://localhost:3000/_next/static/chunks/0n6e_next_dist_12aclvs._.js:776
[ 4116005ms] [ERROR] ./app/personalizar/[slug]/page.tsx:481:13
Error: Expected '</', got '{'
  479 |             </div>
  480 |
> 481 |             {/* Action bar for active layer */}
      |             ^
  482 |             {activeLayerId && (() => {
  483 |               const layer = layers.find(l => l.id === activeLayerId);
  484 |               if (!layer) return null;

Parsing ecmascript source code failed

Import traces:
  Client Component Browser:
    ./app/personalizar/[slug]/page.tsx [Client Component Browser]
    ./app/personalizar/[slug]/page.tsx [Server Component]

  Client Component SSR:
    ./app/personalizar/[slug]/page.tsx [Client Component SSR]
    ./app/personalizar/[slug]/page.tsx [Server Component] @ http://localhost:3000/_next/static/chunks/0n6e_next_dist_12aclvs._.js:1052
[ 4136240ms] [ERROR] ./app/personalizar/[slug]/page.tsx:481:13
Error: Expected '</', got '{'
  479 |             </div>
  480 |
> 481 |             {/* Action bar for active layer */}
      |             ^
  482 |             {activeLayerId && (() => {
  483 |               const layer = layers.find(l => l.id === activeLayerId);
  484 |               if (!layer) return null;

Parsing ecmascript source code failed

Import traces:
  Client Component Browser:
    ./app/personalizar/[slug]/page.tsx [Client Component Browser]
    ./app/personalizar/[slug]/page.tsx [Server Component]

  Client Component SSR:
    ./app/personalizar/[slug]/page.tsx [Client Component SSR]
    ./app/personalizar/[slug]/page.tsx [Server Component] @ http://localhost:3000/_next/static/chunks/0n6e_next_dist_12aclvs._.js:1052
[ 4136253ms] [LOG] [Fast Refresh] rebuilding @ http://localhost:3000/_next/static/chunks/0n6e_next_dist_12aclvs._.js:776
[ 4136307ms] [LOG] [Fast Refresh] done in 18ms @ http://localhost:3000/_next/static/chunks/0n6e_next_dist_12aclvs._.js:776
[ 6951126ms] [LOG] [Fast Refresh] done in 18ms @ http://localhost:3000/_next/static/chunks/0n6e_next_dist_12aclvs._.js:776
[ 7031535ms] [ERROR] WebSocket connection to 'ws://localhost:3000/_next/hmr?id=DkTGumnO1NDLT32BCXvNd' failed: Error in connection establishment: net::ERR_CONNECTION_REFUSED @ http://localhost:3000/_next/static/chunks/0n6e_next_dist_client_0lkgsj8._.js:16348
[ 7034895ms] [ERROR] WebSocket connection to 'ws://localhost:3000/_next/hmr?id=DkTGumnO1NDLT32BCXvNd' failed: Error in connection establishment: net::ERR_CONNECTION_REFUSED @ http://localhost:3000/_next/static/chunks/0n6e_next_dist_client_0lkgsj8._.js:16348
[ 7036828ms] [LOG] [HMR] connected @ http://localhost:3000/_next/static/chunks/0n6e_next_dist_12aclvs._.js:776
[ 7038065ms] [INFO] %cDownload the React DevTools for a better development experience: https://react.dev/link/react-devtools font-weight:bold @ http://localhost:3000/_next/static/chunks/0n6e_next_dist_12aclvs._.js:776
[ 7038081ms] [LOG] [HMR] connected @ http://localhost:3000/_next/static/chunks/0n6e_next_dist_12aclvs._.js:776
[ 8189802ms] [LOG] [Fast Refresh] rebuilding @ http://localhost:3000/_next/static/chunks/0n6e_next_dist_12aclvs._.js:776
[ 8189890ms] [LOG] [Fast Refresh] done in 14ms @ http://localhost:3000/_next/static/chunks/0n6e_next_dist_12aclvs._.js:776
[ 8303967ms] [LOG] [Fast Refresh] done in 14ms @ http://localhost:3000/_next/static/chunks/0n6e_next_dist_12aclvs._.js:776
[ 8303983ms] [LOG] [Fast Refresh] rebuilding @ http://localhost:3000/_next/static/chunks/0n6e_next_dist_12aclvs._.js:776
[ 8304041ms] [LOG] [Fast Refresh] done in 13ms @ http://localhost:3000/_next/static/chunks/0n6e_next_dist_12aclvs._.js:776
[ 8337217ms] [LOG] [Fast Refresh] rebuilding @ http://localhost:3000/_next/static/chunks/0n6e_next_dist_12aclvs._.js:776
[ 8337276ms] [LOG] [Fast Refresh] done in 15ms @ http://localhost:3000/_next/static/chunks/0n6e_next_dist_12aclvs._.js:776
[ 8488422ms] [LOG] [Fast Refresh] done in 15ms @ http://localhost:3000/_next/static/chunks/0n6e_next_dist_12aclvs._.js:776
[ 8497864ms] [WARNING] THREE.Clock: This module has been deprecated. Please use THREE.Timer instead. @ http://localhost:3000/_next/static/chunks/0n6e_next_dist_12aclvs._.js:776
[ 8499122ms] [LOG] [Fast Refresh] done in 15ms @ http://localhost:3000/_next/static/chunks/0n6e_next_dist_12aclvs._.js:776
[ 8547530ms] [LOG] [Fast Refresh] done in 15ms @ http://localhost:3000/_next/static/chunks/0n6e_next_dist_12aclvs._.js:776
