[      85ms] [INFO] %cDownload the React DevTools for a better development experience: https://react.dev/link/react-devtools font-weight:bold @ http://localhost:3000/_next/static/chunks/0n6e_next_dist_12aclvs._.js:776
[     100ms] [LOG] [HMR] connected @ http://localhost:3000/_next/static/chunks/0n6e_next_dist_12aclvs._.js:776
[     928ms] [ERROR] Failed to load resource: the server responded with a status of 406 () @ https://vbjxnyhczfvjumaewrye.supabase.co/rest/v1/products?select=*%2Cproduct_variants%28*%29&slug=eq.taza&active=eq.true:0
[    1066ms] [ERROR] Failed to load resource: the server responded with a status of 406 () @ https://vbjxnyhczfvjumaewrye.supabase.co/rest/v1/products?select=*%2Cproduct_variants%28*%29&slug=eq.taza&active=eq.true:0
[  600830ms] [INFO] %cDownload the React DevTools for a better development experience: https://react.dev/link/react-devtools font-weight:bold @ http://localhost:3000/_next/static/chunks/0n6e_next_dist_12aclvs._.js:776
[  600846ms] [LOG] [HMR] connected @ http://localhost:3000/_next/static/chunks/0n6e_next_dist_12aclvs._.js:776
[  601050ms] [ERROR] Failed to load resource: the server responded with a status of 406 () @ https://vbjxnyhczfvjumaewrye.supabase.co/rest/v1/products?select=*%2Cproduct_variants%28*%29&slug=eq.taza&active=eq.true:0
[  601184ms] [ERROR] Failed to load resource: the server responded with a status of 406 () @ https://vbjxnyhczfvjumaewrye.supabase.co/rest/v1/products?select=*%2Cproduct_variants%28*%29&slug=eq.taza&active=eq.true:0
[  840240ms] [INFO] %cDownload the React DevTools for a better development experience: https://react.dev/link/react-devtools font-weight:bold @ http://localhost:3000/_next/static/chunks/0n6e_next_dist_12aclvs._.js:776
[  840258ms] [LOG] [HMR] connected @ http://localhost:3000/_next/static/chunks/0n6e_next_dist_12aclvs._.js:776
[  840492ms] [ERROR] Failed to load resource: the server responded with a status of 406 () @ https://vbjxnyhczfvjumaewrye.supabase.co/rest/v1/products?select=*%2Cproduct_variants%28*%29&slug=eq.taza&active=eq.true:0
[  840622ms] [ERROR] Failed to load resource: the server responded with a status of 406 () @ https://vbjxnyhczfvjumaewrye.supabase.co/rest/v1/products?select=*%2Cproduct_variants%28*%29&slug=eq.taza&active=eq.true:0
[ 1004343ms] [INFO] %cDownload the React DevTools for a better development experience: https://react.dev/link/react-devtools font-weight:bold @ http://localhost:3000/_next/static/chunks/0n6e_next_dist_12aclvs._.js:776
[ 1004359ms] [LOG] [HMR] connected @ http://localhost:3000/_next/static/chunks/0n6e_next_dist_12aclvs._.js:776
[ 1004825ms] [ERROR] Failed to load resource: the server responded with a status of 406 () @ https://vbjxnyhczfvjumaewrye.supabase.co/rest/v1/products?select=*%2Cproduct_variants%28*%29&slug=eq.taza&active=eq.true:0
[ 1004956ms] [ERROR] Failed to load resource: the server responded with a status of 406 () @ https://vbjxnyhczfvjumaewrye.supabase.co/rest/v1/products?select=*%2Cproduct_variants%28*%29&slug=eq.taza&active=eq.true:0
[ 3802819ms] [LOG] [HMR] connected @ http://localhost:3000/_next/static/chunks/0n6e_next_dist_12aclvs._.js:776
[ 3803520ms] [INFO] %cDownload the React DevTools for a better development experience: https://react.dev/link/react-devtools font-weight:bold @ http://localhost:3000/_next/static/chunks/0n6e_next_dist_12aclvs._.js:776
[ 3803536ms] [LOG] [HMR] connected @ http://localhost:3000/_next/static/chunks/0n6e_next_dist_12aclvs._.js:776
[ 3804167ms] [ERROR] Failed to load resource: the server responded with a status of 406 () @ https://vbjxnyhczfvjumaewrye.supabase.co/rest/v1/products?select=*%2Cproduct_variants%28*%29&slug=eq.taza&active=eq.true:0
[ 3804585ms] [ERROR] Failed to load resource: the server responded with a status of 406 () @ https://vbjxnyhczfvjumaewrye.supabase.co/rest/v1/products?select=*%2Cproduct_variants%28*%29&slug=eq.taza&active=eq.true:0
