[      91ms] [INFO] %cDownload the React DevTools for a better development experience: https://react.dev/link/react-devtools font-weight:bold @ http://localhost:3000/_next/static/chunks/0n6e_next_dist_12aclvs._.js:776
[     107ms] [LOG] [HMR] connected @ http://localhost:3000/_next/static/chunks/0n6e_next_dist_12aclvs._.js:776
[  356812ms] [ERROR] <%s /> is using incorrect casing. Use PascalCase for React components, or lowercase for HTML elements. ambientLight @ http://localhost:3000/_next/static/chunks/0n6e_next_dist_12aclvs._.js:1052
[  356812ms] [ERROR] The tag <%s> is unrecognized in this browser. If you meant to render a React component, start its name with an uppercase letter. ambientLight @ http://localhost:3000/_next/static/chunks/0n6e_next_dist_12aclvs._.js:1052
[  356812ms] [ERROR] <%s /> is using incorrect casing. Use PascalCase for React components, or lowercase for HTML elements. directionalLight @ http://localhost:3000/_next/static/chunks/0n6e_next_dist_12aclvs._.js:1052
[  356812ms] [ERROR] The tag <%s> is unrecognized in this browser. If you meant to render a React component, start its name with an uppercase letter. directionalLight @ http://localhost:3000/_next/static/chunks/0n6e_next_dist_12aclvs._.js:1052
[  356813ms] [ERROR] React does not recognize the `%s` prop on a DOM element. If you intentionally want it to appear in the DOM as a custom attribute, spell it as lowercase `%s` instead. If you accidentally passed it from a parent component, remove it from the DOM element. castShadow castshadow @ http://localhost:3000/_next/static/chunks/0n6e_next_dist_12aclvs._.js:1052
[  356813ms] [ERROR] <%s /> is using incorrect casing. Use PascalCase for React components, or lowercase for HTML elements. pointLight @ http://localhost:3000/_next/static/chunks/0n6e_next_dist_12aclvs._.js:1052
[  356813ms] [ERROR] The tag <%s> is unrecognized in this browser. If you meant to render a React component, start its name with an uppercase letter. pointLight @ http://localhost:3000/_next/static/chunks/0n6e_next_dist_12aclvs._.js:1052
[  356814ms] [ERROR] The tag <%s> is unrecognized in this browser. If you meant to render a React component, start its name with an uppercase letter. mesh @ http://localhost:3000/_next/static/chunks/0n6e_next_dist_12aclvs._.js:1052
[  356814ms] [ERROR] React does not recognize the `%s` prop on a DOM element. If you intentionally want it to appear in the DOM as a custom attribute, spell it as lowercase `%s` instead. If you accidentally passed it from a parent component, remove it from the DOM element. receiveShadow receiveshadow @ http://localhost:3000/_next/static/chunks/0n6e_next_dist_12aclvs._.js:1052
[  356817ms] [WARNING] THREE.Material: parameter 'color' has value of undefined. @ http://localhost:3000/_next/static/chunks/0n6e_next_dist_12aclvs._.js:776
[  356818ms] [WARNING] THREE.Material: parameter 'color' has value of undefined. @ http://localhost:3000/_next/static/chunks/0n6e_next_dist_12aclvs._.js:776
[  356821ms] [ERROR] The tag <%s> is unrecognized in this browser. If you meant to render a React component, start its name with an uppercase letter. group @ http://localhost:3000/_next/static/chunks/0n6e_next_dist_12aclvs._.js:1052
[ 1180236ms] [LOG] [Fast Refresh] rebuilding @ http://localhost:3000/_next/static/chunks/0n6e_next_dist_12aclvs._.js:776
[ 1180563ms] [LOG] [Fast Refresh] done in 360ms @ http://localhost:3000/_next/static/chunks/0n6e_next_dist_12aclvs._.js:776
[ 1180609ms] [LOG] [Fast Refresh] done in 360ms @ http://localhost:3000/_next/static/chunks/0n6e_next_dist_12aclvs._.js:776
[ 1180661ms] [WARNING] THREE.Clock: This module has been deprecated. Please use THREE.Timer instead. @ http://localhost:3000/_next/static/chunks/0n6e_next_dist_12aclvs._.js:776
[ 1180698ms] [WARNING] THREE.Material: parameter 'color' has value of undefined. @ http://localhost:3000/_next/static/chunks/0n6e_next_dist_12aclvs._.js:776
[ 1180698ms] [WARNING] THREE.Material: parameter 'color' has value of undefined. @ http://localhost:3000/_next/static/chunks/0n6e_next_dist_12aclvs._.js:776
[ 1180842ms] [LOG] [Fast Refresh] done in 360ms @ http://localhost:3000/_next/static/chunks/0n6e_next_dist_12aclvs._.js:776
[ 1247214ms] [LOG] [Fast Refresh] done in 360ms @ http://localhost:3000/_next/static/chunks/0n6e_next_dist_12aclvs._.js:776
[ 1256185ms] [LOG] [Fast Refresh] done in 360ms @ http://localhost:3000/_next/static/chunks/0n6e_next_dist_12aclvs._.js:776
