[      96ms] [INFO] %cDownload the React DevTools for a better development experience: https://react.dev/link/react-devtools font-weight:bold @ http://localhost:3000/_next/static/chunks/0n6e_next_dist_12aclvs._.js:776
[     112ms] [LOG] [HMR] connected @ http://localhost:3000/_next/static/chunks/0n6e_next_dist_12aclvs._.js:776
[  919850ms] [LOG] [Fast Refresh] done in 14808ms @ http://localhost:3000/_next/static/chunks/0n6e_next_dist_12aclvs._.js:776
[ 1094728ms] [LOG] [Fast Refresh] done in 14808ms @ http://localhost:3000/_next/static/chunks/0n6e_next_dist_12aclvs._.js:776
[ 1094799ms] [LOG] [Fast Refresh] done in 189753ms @ http://localhost:3000/_next/static/chunks/0n6e_next_dist_12aclvs._.js:776
[ 1113384ms] [LOG] [Fast Refresh] done in 208341ms @ http://localhost:3000/_next/static/chunks/0n6e_next_dist_12aclvs._.js:776
[ 1371672ms] [LOG] [Fast Refresh] done in 208341ms @ http://localhost:3000/_next/static/chunks/0n6e_next_dist_12aclvs._.js:776
[ 1371716ms] [LOG] [Fast Refresh] rebuilding @ http://localhost:3000/_next/static/chunks/0n6e_next_dist_12aclvs._.js:776
[ 1371765ms] [LOG] [Fast Refresh] done in 1ms @ http://localhost:3000/_next/static/chunks/0n6e_next_dist_12aclvs._.js:776
[ 1481458ms] [LOG] [Fast Refresh] done in 1ms @ http://localhost:3000/_next/static/chunks/0n6e_next_dist_12aclvs._.js:776
[ 1481490ms] [LOG] [Fast Refresh] done in 1ms @ http://localhost:3000/_next/static/chunks/0n6e_next_dist_12aclvs._.js:776
[ 1481727ms] [LOG] [Fast Refresh] done in 1ms @ http://localhost:3000/_next/static/chunks/0n6e_next_dist_12aclvs._.js:776
[ 1481774ms] [LOG] [Fast Refresh] done in 1ms @ http://localhost:3000/_next/static/chunks/0n6e_next_dist_12aclvs._.js:776
[ 1482497ms] [LOG] [Fast Refresh] done in 1ms @ http://localhost:3000/_next/static/chunks/0n6e_next_dist_12aclvs._.js:776
[ 1485136ms] [LOG] [Fast Refresh] done in 1ms @ http://localhost:3000/_next/static/chunks/0n6e_next_dist_12aclvs._.js:776
[ 1485618ms] [LOG] [Fast Refresh] done in 1ms @ http://localhost:3000/_next/static/chunks/0n6e_next_dist_12aclvs._.js:776
[ 1485841ms] [LOG] [Fast Refresh] done in 1ms @ http://localhost:3000/_next/static/chunks/0n6e_next_dist_12aclvs._.js:776
[ 1486614ms] [LOG] [Fast Refresh] done in 1ms @ http://localhost:3000/_next/static/chunks/0n6e_next_dist_12aclvs._.js:776
[ 2514871ms] [LOG] [Fast Refresh] done in 1ms @ http://localhost:3000/_next/static/chunks/0n6e_next_dist_12aclvs._.js:776
[ 2514967ms] [LOG] [Fast Refresh] done in 1ms @ http://localhost:3000/_next/static/chunks/0n6e_next_dist_12aclvs._.js:776
[ 2521983ms] [LOG] [Fast Refresh] done in 1ms @ http://localhost:3000/_next/static/chunks/0n6e_next_dist_12aclvs._.js:776
[ 2522036ms] [LOG] [Fast Refresh] done in 1ms @ http://localhost:3000/_next/static/chunks/0n6e_next_dist_12aclvs._.js:776
[ 2522086ms] [LOG] [Fast Refresh] done in 1ms @ http://localhost:3000/_next/static/chunks/0n6e_next_dist_12aclvs._.js:776
[ 2548779ms] [LOG] [Fast Refresh] done in 1ms @ http://localhost:3000/_next/static/chunks/0n6e_next_dist_12aclvs._.js:776
[ 2548817ms] [LOG] [Fast Refresh] done in 1ms @ http://localhost:3000/_next/static/chunks/0n6e_next_dist_12aclvs._.js:776
[ 2553190ms] [LOG] [Fast Refresh] rebuilding @ http://localhost:3000/_next/static/chunks/0n6e_next_dist_12aclvs._.js:776
[ 2553631ms] [LOG] [Fast Refresh] done in 553ms @ http://localhost:3000/_next/static/chunks/0n6e_next_dist_12aclvs._.js:776
[ 3246027ms] [LOG] [Fast Refresh] rebuilding @ http://localhost:3000/_next/static/chunks/0n6e_next_dist_12aclvs._.js:776
[ 3246122ms] [LOG] [Fast Refresh] done in 5ms @ http://localhost:3000/_next/static/chunks/0n6e_next_dist_12aclvs._.js:776
[ 3261614ms] [LOG] [Fast Refresh] done in 5ms @ http://localhost:3000/_next/static/chunks/0n6e_next_dist_12aclvs._.js:776
[ 3521961ms] [LOG] [Fast Refresh] done in 5ms @ http://localhost:3000/_next/static/chunks/0n6e_next_dist_12aclvs._.js:776
[ 3522008ms] [LOG] [Fast Refresh] done in 5ms @ http://localhost:3000/_next/static/chunks/0n6e_next_dist_12aclvs._.js:776
[ 3534762ms] [LOG] [Fast Refresh] done in 5ms @ http://localhost:3000/_next/static/chunks/0n6e_next_dist_12aclvs._.js:776
[ 3534888ms] [LOG] [Fast Refresh] done in 5ms @ http://localhost:3000/_next/static/chunks/0n6e_next_dist_12aclvs._.js:776
[ 3550672ms] [LOG] [Fast Refresh] done in 5ms @ http://localhost:3000/_next/static/chunks/0n6e_next_dist_12aclvs._.js:776
[ 3550863ms] [LOG] [Fast Refresh] done in 5ms @ http://localhost:3000/_next/static/chunks/0n6e_next_dist_12aclvs._.js:776
[ 3550926ms] [LOG] [Fast Refresh] done in 5ms @ http://localhost:3000/_next/static/chunks/0n6e_next_dist_12aclvs._.js:776
[ 3551653ms] [LOG] [Fast Refresh] done in 5ms @ http://localhost:3000/_next/static/chunks/0n6e_next_dist_12aclvs._.js:776
[ 3552202ms] [LOG] [Fast Refresh] done in 5ms @ http://localhost:3000/_next/static/chunks/0n6e_next_dist_12aclvs._.js:776
[ 3552375ms] [LOG] [Fast Refresh] done in 5ms @ http://localhost:3000/_next/static/chunks/0n6e_next_dist_12aclvs._.js:776
[ 3668494ms] [LOG] [Fast Refresh] done in 5ms @ http://localhost:3000/_next/static/chunks/0n6e_next_dist_12aclvs._.js:776
[ 3800174ms] [LOG] [Fast Refresh] done in 5ms @ http://localhost:3000/_next/static/chunks/0n6e_next_dist_12aclvs._.js:776
[ 3809263ms] [LOG] [Fast Refresh] done in 5ms @ http://localhost:3000/_next/static/chunks/0n6e_next_dist_12aclvs._.js:776
[ 3809311ms] [LOG] [Fast Refresh] done in 5ms @ http://localhost:3000/_next/static/chunks/0n6e_next_dist_12aclvs._.js:776
[ 3821409ms] [LOG] [Fast Refresh] done in 5ms @ http://localhost:3000/_next/static/chunks/0n6e_next_dist_12aclvs._.js:776
[ 3821455ms] [LOG] [Fast Refresh] done in 5ms @ http://localhost:3000/_next/static/chunks/0n6e_next_dist_12aclvs._.js:776
[ 3828078ms] [LOG] [Fast Refresh] done in 5ms @ http://localhost:3000/_next/static/chunks/0n6e_next_dist_12aclvs._.js:776
[ 3828139ms] [LOG] [Fast Refresh] done in 5ms @ http://localhost:3000/_next/static/chunks/0n6e_next_dist_12aclvs._.js:776
[ 3891999ms] [LOG] [Fast Refresh] done in 5ms @ http://localhost:3000/_next/static/chunks/0n6e_next_dist_12aclvs._.js:776
[ 3892030ms] [LOG] [Fast Refresh] done in 5ms @ http://localhost:3000/_next/static/chunks/0n6e_next_dist_12aclvs._.js:776
[ 3892236ms] [LOG] [Fast Refresh] done in 5ms @ http://localhost:3000/_next/static/chunks/0n6e_next_dist_12aclvs._.js:776
[ 3892283ms] [LOG] [Fast Refresh] done in 5ms @ http://localhost:3000/_next/static/chunks/0n6e_next_dist_12aclvs._.js:776
[ 3892983ms] [LOG] [Fast Refresh] done in 5ms @ http://localhost:3000/_next/static/chunks/0n6e_next_dist_12aclvs._.js:776
[ 3911816ms] [LOG] [Fast Refresh] done in 5ms @ http://localhost:3000/_next/static/chunks/0n6e_next_dist_12aclvs._.js:776
[ 3911865ms] [LOG] [Fast Refresh] done in 5ms @ http://localhost:3000/_next/static/chunks/0n6e_next_dist_12aclvs._.js:776
[ 3911909ms] [LOG] [Fast Refresh] done in 5ms @ http://localhost:3000/_next/static/chunks/0n6e_next_dist_12aclvs._.js:776
[ 3929170ms] [LOG] [Fast Refresh] done in 5ms @ http://localhost:3000/_next/static/chunks/0n6e_next_dist_12aclvs._.js:776
[ 3929407ms] [LOG] [Fast Refresh] done in 5ms @ http://localhost:3000/_next/static/chunks/0n6e_next_dist_12aclvs._.js:776
[ 3929439ms] [LOG] [Fast Refresh] done in 5ms @ http://localhost:3000/_next/static/chunks/0n6e_next_dist_12aclvs._.js:776
[ 3930197ms] [LOG] [Fast Refresh] done in 5ms @ http://localhost:3000/_next/static/chunks/0n6e_next_dist_12aclvs._.js:776
[ 3951946ms] [LOG] [Fast Refresh] done in 5ms @ http://localhost:3000/_next/static/chunks/0n6e_next_dist_12aclvs._.js:776
[ 3951992ms] [LOG] [Fast Refresh] done in 5ms @ http://localhost:3000/_next/static/chunks/0n6e_next_dist_12aclvs._.js:776
[ 3967817ms] [LOG] [Fast Refresh] done in 5ms @ http://localhost:3000/_next/static/chunks/0n6e_next_dist_12aclvs._.js:776
[ 3967848ms] [LOG] [Fast Refresh] done in 5ms @ http://localhost:3000/_next/static/chunks/0n6e_next_dist_12aclvs._.js:776
[ 3968039ms] [LOG] [Fast Refresh] done in 5ms @ http://localhost:3000/_next/static/chunks/0n6e_next_dist_12aclvs._.js:776
[ 3968101ms] [LOG] [Fast Refresh] done in 5ms @ http://localhost:3000/_next/static/chunks/0n6e_next_dist_12aclvs._.js:776
[ 3968815ms] [LOG] [Fast Refresh] done in 5ms @ http://localhost:3000/_next/static/chunks/0n6e_next_dist_12aclvs._.js:776
[ 4098734ms] [LOG] [Fast Refresh] done in 5ms @ http://localhost:3000/_next/static/chunks/0n6e_next_dist_12aclvs._.js:776
[ 4098797ms] [LOG] [Fast Refresh] done in 5ms @ http://localhost:3000/_next/static/chunks/0n6e_next_dist_12aclvs._.js:776
[ 4106949ms] [LOG] [Fast Refresh] done in 5ms @ http://localhost:3000/_next/static/chunks/0n6e_next_dist_12aclvs._.js:776
[ 4106992ms] [LOG] [Fast Refresh] done in 5ms @ http://localhost:3000/_next/static/chunks/0n6e_next_dist_12aclvs._.js:776
[ 4183888ms] [LOG] [Fast Refresh] done in 5ms @ http://localhost:3000/_next/static/chunks/0n6e_next_dist_12aclvs._.js:776
[ 4183935ms] [LOG] [Fast Refresh] done in 5ms @ http://localhost:3000/_next/static/chunks/0n6e_next_dist_12aclvs._.js:776
[ 4184140ms] [LOG] [Fast Refresh] done in 5ms @ http://localhost:3000/_next/static/chunks/0n6e_next_dist_12aclvs._.js:776
[ 4184188ms] [LOG] [Fast Refresh] done in 5ms @ http://localhost:3000/_next/static/chunks/0n6e_next_dist_12aclvs._.js:776
[ 4184930ms] [LOG] [Fast Refresh] done in 5ms @ http://localhost:3000/_next/static/chunks/0n6e_next_dist_12aclvs._.js:776
[ 4329496ms] [LOG] [Fast Refresh] done in 5ms @ http://localhost:3000/_next/static/chunks/0n6e_next_dist_12aclvs._.js:776
[ 4329543ms] [LOG] [Fast Refresh] done in 5ms @ http://localhost:3000/_next/static/chunks/0n6e_next_dist_12aclvs._.js:776
[ 4456717ms] [LOG] [Fast Refresh] done in 5ms @ http://localhost:3000/_next/static/chunks/0n6e_next_dist_12aclvs._.js:776
[ 4456909ms] [LOG] [Fast Refresh] done in 5ms @ http://localhost:3000/_next/static/chunks/0n6e_next_dist_12aclvs._.js:776
[ 4456987ms] [LOG] [Fast Refresh] done in 5ms @ http://localhost:3000/_next/static/chunks/0n6e_next_dist_12aclvs._.js:776
[ 4457710ms] [LOG] [Fast Refresh] done in 5ms @ http://localhost:3000/_next/static/chunks/0n6e_next_dist_12aclvs._.js:776
[ 4580712ms] [LOG] [Fast Refresh] done in 5ms @ http://localhost:3000/_next/static/chunks/0n6e_next_dist_12aclvs._.js:776
[ 4580792ms] [LOG] [Fast Refresh] done in 5ms @ http://localhost:3000/_next/static/chunks/0n6e_next_dist_12aclvs._.js:776
[ 4617753ms] [LOG] [Fast Refresh] done in 5ms @ http://localhost:3000/_next/static/chunks/0n6e_next_dist_12aclvs._.js:776
[ 4617945ms] [LOG] [Fast Refresh] done in 5ms @ http://localhost:3000/_next/static/chunks/0n6e_next_dist_12aclvs._.js:776
[ 4618022ms] [LOG] [Fast Refresh] done in 5ms @ http://localhost:3000/_next/static/chunks/0n6e_next_dist_12aclvs._.js:776
[ 4618703ms] [LOG] [Fast Refresh] done in 5ms @ http://localhost:3000/_next/static/chunks/0n6e_next_dist_12aclvs._.js:776
[ 4708494ms] [LOG] [Fast Refresh] done in 5ms @ http://localhost:3000/_next/static/chunks/0n6e_next_dist_12aclvs._.js:776
[ 4708557ms] [LOG] [Fast Refresh] done in 5ms @ http://localhost:3000/_next/static/chunks/0n6e_next_dist_12aclvs._.js:776
[ 4727258ms] [LOG] [Fast Refresh] done in 5ms @ http://localhost:3000/_next/static/chunks/0n6e_next_dist_12aclvs._.js:776
[ 4727306ms] [LOG] [Fast Refresh] done in 5ms @ http://localhost:3000/_next/static/chunks/0n6e_next_dist_12aclvs._.js:776
[ 4727529ms] [LOG] [Fast Refresh] done in 5ms @ http://localhost:3000/_next/static/chunks/0n6e_next_dist_12aclvs._.js:776
[ 4727560ms] [LOG] [Fast Refresh] done in 5ms @ http://localhost:3000/_next/static/chunks/0n6e_next_dist_12aclvs._.js:776
[ 4728317ms] [LOG] [Fast Refresh] done in 5ms @ http://localhost:3000/_next/static/chunks/0n6e_next_dist_12aclvs._.js:776
[ 4730570ms] [LOG] [Fast Refresh] done in 5ms @ http://localhost:3000/_next/static/chunks/0n6e_next_dist_12aclvs._.js:776
[ 4731028ms] [LOG] [Fast Refresh] done in 5ms @ http://localhost:3000/_next/static/chunks/0n6e_next_dist_12aclvs._.js:776
[ 4731248ms] [LOG] [Fast Refresh] done in 5ms @ http://localhost:3000/_next/static/chunks/0n6e_next_dist_12aclvs._.js:776
[ 4732030ms] [LOG] [Fast Refresh] done in 5ms @ http://localhost:3000/_next/static/chunks/0n6e_next_dist_12aclvs._.js:776
[ 5172033ms] [LOG] [Fast Refresh] done in 5ms @ http://localhost:3000/_next/static/chunks/0n6e_next_dist_12aclvs._.js:776
[ 5172110ms] [LOG] [Fast Refresh] done in 1926037ms @ http://localhost:3000/_next/static/chunks/0n6e_next_dist_12aclvs._.js:776
[ 5310497ms] [LOG] [Fast Refresh] done in 1926037ms @ http://localhost:3000/_next/static/chunks/0n6e_next_dist_12aclvs._.js:776
[ 5310592ms] [LOG] [Fast Refresh] done in 2064519ms @ http://localhost:3000/_next/static/chunks/0n6e_next_dist_12aclvs._.js:776
[ 5453015ms] [LOG] [Fast Refresh] done in 2206940ms @ http://localhost:3000/_next/static/chunks/0n6e_next_dist_12aclvs._.js:776
[ 5487434ms] [LOG] [Fast Refresh] done in 2206940ms @ http://localhost:3000/_next/static/chunks/0n6e_next_dist_12aclvs._.js:776
[ 5487512ms] [LOG] [Fast Refresh] done in 2241439ms @ http://localhost:3000/_next/static/chunks/0n6e_next_dist_12aclvs._.js:776
[ 5505131ms] [LOG] [Fast Refresh] done in 2241439ms @ http://localhost:3000/_next/static/chunks/0n6e_next_dist_12aclvs._.js:776
[ 5505187ms] [LOG] [Fast Refresh] done in 2259117ms @ http://localhost:3000/_next/static/chunks/0n6e_next_dist_12aclvs._.js:776
[ 5616192ms] [LOG] [Fast Refresh] done in 2259117ms @ http://localhost:3000/_next/static/chunks/0n6e_next_dist_12aclvs._.js:776
[ 5616251ms] [ERROR] ./app/personalizar/[slug]/page.tsx:485:13
Error: Expected '</', got '{'
  483 |             </div>
  484 |
> 485 |             {/* Action bar for active layer */}
      |             ^
  486 |             {activeLayerId && (() => {
  487 |               const layer = layers.find(l => l.id === activeLayerId);
  488 |               if (!layer) return null;

Parsing ecmascript source code failed

Import traces:
  Client Component Browser:
    ./app/personalizar/[slug]/page.tsx [Client Component Browser]
    ./app/personalizar/[slug]/page.tsx [Server Component]

  Client Component SSR:
    ./app/personalizar/[slug]/page.tsx [Client Component SSR]
    ./app/personalizar/[slug]/page.tsx [Server Component] @ http://localhost:3000/_next/static/chunks/0n6e_next_dist_12aclvs._.js:1052
[ 5616312ms] [LOG] [Fast Refresh] rebuilding @ http://localhost:3000/_next/static/chunks/0n6e_next_dist_12aclvs._.js:776
[ 5616360ms] [ERROR] ./app/personalizar/[slug]/page.tsx:485:13
Error: Expected '</', got '{'
  483 |             </div>
  484 |
> 485 |             {/* Action bar for active layer */}
      |             ^
  486 |             {activeLayerId && (() => {
  487 |               const layer = layers.find(l => l.id === activeLayerId);
  488 |               if (!layer) return null;

Parsing ecmascript source code failed

Import traces:
  Client Component Browser:
    ./app/personalizar/[slug]/page.tsx [Client Component Browser]
    ./app/personalizar/[slug]/page.tsx [Server Component]

  Client Component SSR:
    ./app/personalizar/[slug]/page.tsx [Client Component SSR]
    ./app/personalizar/[slug]/page.tsx [Server Component] @ http://localhost:3000/_next/static/chunks/0n6e_next_dist_12aclvs._.js:1052
[ 6158821ms] [ERROR] ./app/personalizar/[slug]/page.tsx:485:13
Error: Expected '</', got '{'
  483 |             </div>
  484 |
> 485 |             {/* Action bar for active layer */}
      |             ^
  486 |             {activeLayerId && (() => {
  487 |               const layer = layers.find(l => l.id === activeLayerId);
  488 |               if (!layer) return null;

Parsing ecmascript source code failed

Import traces:
  Client Component Browser:
    ./app/personalizar/[slug]/page.tsx [Client Component Browser]
    ./app/personalizar/[slug]/page.tsx [Server Component]

  Client Component SSR:
    ./app/personalizar/[slug]/page.tsx [Client Component SSR]
    ./app/personalizar/[slug]/page.tsx [Server Component] @ http://localhost:3000/_next/static/chunks/0n6e_next_dist_12aclvs._.js:1052
[ 6158866ms] [ERROR] ./app/personalizar/[slug]/page.tsx:481:13
Error: Expected '</', got '{'
  479 |             </div>
  480 |
> 481 |             {/* Action bar for active layer */}
      |             ^
  482 |             {activeLayerId && (() => {
  483 |               const layer = layers.find(l => l.id === activeLayerId);
  484 |               if (!layer) return null;

Parsing ecmascript source code failed

Import traces:
  Client Component Browser:
    ./app/personalizar/[slug]/page.tsx [Client Component Browser]
    ./app/personalizar/[slug]/page.tsx [Server Component]

  Client Component SSR:
    ./app/personalizar/[slug]/page.tsx [Client Component SSR]
    ./app/personalizar/[slug]/page.tsx [Server Component] @ http://localhost:3000/_next/static/chunks/0n6e_next_dist_12aclvs._.js:1052
[ 6259474ms] [ERROR] ./app/personalizar/[slug]/page.tsx:481:13
Error: Expected '</', got '{'
  479 |             </div>
  480 |
> 481 |             {/* Action bar for active layer */}
      |             ^
  482 |             {activeLayerId && (() => {
  483 |               const layer = layers.find(l => l.id === activeLayerId);
  484 |               if (!layer) return null;

Parsing ecmascript source code failed

Import traces:
  Client Component Browser:
    ./app/personalizar/[slug]/page.tsx [Client Component Browser]
    ./app/personalizar/[slug]/page.tsx [Server Component]

  Client Component SSR:
    ./app/personalizar/[slug]/page.tsx [Client Component SSR]
    ./app/personalizar/[slug]/page.tsx [Server Component] @ http://localhost:3000/_next/static/chunks/0n6e_next_dist_12aclvs._.js:1052
[ 6259548ms] [ERROR] ./app/personalizar/[slug]/page.tsx:480:13
Error: Expected '</', got '{'
  478 |             </div>
  479 |
> 480 |             {/* Action bar for active layer */}
      |             ^
  481 |             {activeLayerId && (() => {
  482 |               const layer = layers.find(l => l.id === activeLayerId);
  483 |               if (!layer) return null;

Parsing ecmascript source code failed

Import traces:
  Client Component Browser:
    ./app/personalizar/[slug]/page.tsx [Client Component Browser]
    ./app/personalizar/[slug]/page.tsx [Server Component]

  Client Component SSR:
    ./app/personalizar/[slug]/page.tsx [Client Component SSR]
    ./app/personalizar/[slug]/page.tsx [Server Component] @ http://localhost:3000/_next/static/chunks/0n6e_next_dist_12aclvs._.js:1052
[ 6267971ms] [ERROR] ./app/personalizar/[slug]/page.tsx:480:13
Error: Expected '</', got '{'
  478 |             </div>
  479 |
> 480 |             {/* Action bar for active layer */}
      |             ^
  481 |             {activeLayerId && (() => {
  482 |               const layer = layers.find(l => l.id === activeLayerId);
  483 |               if (!layer) return null;

Parsing ecmascript source code failed

Import traces:
  Client Component Browser:
    ./app/personalizar/[slug]/page.tsx [Client Component Browser]
    ./app/personalizar/[slug]/page.tsx [Server Component]

  Client Component SSR:
    ./app/personalizar/[slug]/page.tsx [Client Component SSR]
    ./app/personalizar/[slug]/page.tsx [Server Component] @ http://localhost:3000/_next/static/chunks/0n6e_next_dist_12aclvs._.js:1052
[ 6268010ms] [ERROR] ./app/personalizar/[slug]/page.tsx:479:13
Error: Expected '</', got '{'
  477 |             </div>
  478 |
> 479 |             {/* Action bar for active layer */}
      |             ^
  480 |             {activeLayerId && (() => {
  481 |               const layer = layers.find(l => l.id === activeLayerId);
  482 |               if (!layer) return null;

Parsing ecmascript source code failed

Import traces:
  Client Component Browser:
    ./app/personalizar/[slug]/page.tsx [Client Component Browser]
    ./app/personalizar/[slug]/page.tsx [Server Component]

  Client Component SSR:
    ./app/personalizar/[slug]/page.tsx [Client Component SSR]
    ./app/personalizar/[slug]/page.tsx [Server Component] @ http://localhost:3000/_next/static/chunks/0n6e_next_dist_12aclvs._.js:1052
[ 6283889ms] [ERROR] ./app/personalizar/[slug]/page.tsx:479:13
Error: Expected '</', got '{'
  477 |             </div>
  478 |
> 479 |             {/* Action bar for active layer */}
      |             ^
  480 |             {activeLayerId && (() => {
  481 |               const layer = layers.find(l => l.id === activeLayerId);
  482 |               if (!layer) return null;

Parsing ecmascript source code failed

Import traces:
  Client Component Browser:
    ./app/personalizar/[slug]/page.tsx [Client Component Browser]
    ./app/personalizar/[slug]/page.tsx [Server Component]

  Client Component SSR:
    ./app/personalizar/[slug]/page.tsx [Client Component SSR]
    ./app/personalizar/[slug]/page.tsx [Server Component] @ http://localhost:3000/_next/static/chunks/0n6e_next_dist_12aclvs._.js:1052
[ 6283931ms] [ERROR] ./app/personalizar/[slug]/page.tsx:481:13
Error: Expected '</', got '{'
  479 |             </div>
  480 |
> 481 |             {/* Action bar for active layer */}
      |             ^
  482 |             {activeLayerId && (() => {
  483 |               const layer = layers.find(l => l.id === activeLayerId);
  484 |               if (!layer) return null;

Parsing ecmascript source code failed

Import traces:
  Client Component Browser:
    ./app/personalizar/[slug]/page.tsx [Client Component Browser]
    ./app/personalizar/[slug]/page.tsx [Server Component]

  Client Component SSR:
    ./app/personalizar/[slug]/page.tsx [Client Component SSR]
    ./app/personalizar/[slug]/page.tsx [Server Component] @ http://localhost:3000/_next/static/chunks/0n6e_next_dist_12aclvs._.js:1052
[ 6359040ms] [ERROR] ./app/personalizar/[slug]/page.tsx:481:13
Error: Expected '</', got '{'
  479 |             </div>
  480 |
> 481 |             {/* Action bar for active layer */}
      |             ^
  482 |             {activeLayerId && (() => {
  483 |               const layer = layers.find(l => l.id === activeLayerId);
  484 |               if (!layer) return null;

Parsing ecmascript source code failed

Import traces:
  Client Component Browser:
    ./app/personalizar/[slug]/page.tsx [Client Component Browser]
    ./app/personalizar/[slug]/page.tsx [Server Component]

  Client Component SSR:
    ./app/personalizar/[slug]/page.tsx [Client Component SSR]
    ./app/personalizar/[slug]/page.tsx [Server Component] @ http://localhost:3000/_next/static/chunks/0n6e_next_dist_12aclvs._.js:1052
[ 6359373ms] [ERROR] ./app/personalizar/[slug]/page.tsx:481:13
Error: Expected '</', got '{'
  479 |             </div>
  480 |
> 481 |             {/* Action bar for active layer */}
      |             ^
  482 |             {activeLayerId && (() => {
  483 |               const layer = layers.find(l => l.id === activeLayerId);
  484 |               if (!layer) return null;

Parsing ecmascript source code failed

Import traces:
  Client Component Browser:
    ./app/personalizar/[slug]/page.tsx [Client Component Browser]
    ./app/personalizar/[slug]/page.tsx [Server Component]

  Client Component SSR:
    ./app/personalizar/[slug]/page.tsx [Client Component SSR]
    ./app/personalizar/[slug]/page.tsx [Server Component] @ http://localhost:3000/_next/static/chunks/0n6e_next_dist_12aclvs._.js:1052
[ 6359405ms] [ERROR] ./app/personalizar/[slug]/page.tsx:481:13
Error: Expected '</', got '{'
  479 |             </div>
  480 |
> 481 |             {/* Action bar for active layer */}
      |             ^
  482 |             {activeLayerId && (() => {
  483 |               const layer = layers.find(l => l.id === activeLayerId);
  484 |               if (!layer) return null;

Parsing ecmascript source code failed

Import traces:
  Client Component Browser:
    ./app/personalizar/[slug]/page.tsx [Client Component Browser]
    ./app/personalizar/[slug]/page.tsx [Server Component]

  Client Component SSR:
    ./app/personalizar/[slug]/page.tsx [Client Component SSR]
    ./app/personalizar/[slug]/page.tsx [Server Component] @ http://localhost:3000/_next/static/chunks/0n6e_next_dist_12aclvs._.js:1052
[ 6359466ms] [ERROR] ./app/personalizar/[slug]/page.tsx:481:13
Error: Expected '</', got '{'
  479 |             </div>
  480 |
> 481 |             {/* Action bar for active layer */}
      |             ^
  482 |             {activeLayerId && (() => {
  483 |               const layer = layers.find(l => l.id === activeLayerId);
  484 |               if (!layer) return null;

Parsing ecmascript source code failed

Import traces:
  Client Component Browser:
    ./app/personalizar/[slug]/page.tsx [Client Component Browser]
    ./app/personalizar/[slug]/page.tsx [Server Component]

  Client Component SSR:
    ./app/personalizar/[slug]/page.tsx [Client Component SSR]
    ./app/personalizar/[slug]/page.tsx [Server Component] @ http://localhost:3000/_next/static/chunks/0n6e_next_dist_12aclvs._.js:1052
[ 6359636ms] [ERROR] ./app/personalizar/[slug]/page.tsx:481:13
Error: Expected '</', got '{'
  479 |             </div>
  480 |
> 481 |             {/* Action bar for active layer */}
      |             ^
  482 |             {activeLayerId && (() => {
  483 |               const layer = layers.find(l => l.id === activeLayerId);
  484 |               if (!layer) return null;

Parsing ecmascript source code failed

Import traces:
  Client Component Browser:
    ./app/personalizar/[slug]/page.tsx [Client Component Browser]
    ./app/personalizar/[slug]/page.tsx [Server Component]

  Client Component SSR:
    ./app/personalizar/[slug]/page.tsx [Client Component SSR]
    ./app/personalizar/[slug]/page.tsx [Server Component] @ http://localhost:3000/_next/static/chunks/0n6e_next_dist_12aclvs._.js:1052
[ 6459317ms] [ERROR] ./app/personalizar/[slug]/page.tsx:481:13
Error: Expected '</', got '{'
  479 |             </div>
  480 |
> 481 |             {/* Action bar for active layer */}
      |             ^
  482 |             {activeLayerId && (() => {
  483 |               const layer = layers.find(l => l.id === activeLayerId);
  484 |               if (!layer) return null;

Parsing ecmascript source code failed

Import traces:
  Client Component Browser:
    ./app/personalizar/[slug]/page.tsx [Client Component Browser]
    ./app/personalizar/[slug]/page.tsx [Server Component]

  Client Component SSR:
    ./app/personalizar/[slug]/page.tsx [Client Component SSR]
    ./app/personalizar/[slug]/page.tsx [Server Component] @ http://localhost:3000/_next/static/chunks/0n6e_next_dist_12aclvs._.js:1052
[ 6459572ms] [ERROR] ./app/personalizar/[slug]/page.tsx:481:13
Error: Expected '</', got '{'
  479 |             </div>
  480 |
> 481 |             {/* Action bar for active layer */}
      |             ^
  482 |             {activeLayerId && (() => {
  483 |               const layer = layers.find(l => l.id === activeLayerId);
  484 |               if (!layer) return null;

Parsing ecmascript source code failed

Import traces:
  Client Component Browser:
    ./app/personalizar/[slug]/page.tsx [Client Component Browser]
    ./app/personalizar/[slug]/page.tsx [Server Component]

  Client Component SSR:
    ./app/personalizar/[slug]/page.tsx [Client Component SSR]
    ./app/personalizar/[slug]/page.tsx [Server Component] @ http://localhost:3000/_next/static/chunks/0n6e_next_dist_12aclvs._.js:1052
[ 6459610ms] [ERROR] ./app/personalizar/[slug]/page.tsx:481:13
Error: Expected '</', got '{'
  479 |             </div>
  480 |
> 481 |             {/* Action bar for active layer */}
      |             ^
  482 |             {activeLayerId && (() => {
  483 |               const layer = layers.find(l => l.id === activeLayerId);
  484 |               if (!layer) return null;

Parsing ecmascript source code failed

Import traces:
  Client Component Browser:
    ./app/personalizar/[slug]/page.tsx [Client Component Browser]
    ./app/personalizar/[slug]/page.tsx [Server Component]

  Client Component SSR:
    ./app/personalizar/[slug]/page.tsx [Client Component SSR]
    ./app/personalizar/[slug]/page.tsx [Server Component] @ http://localhost:3000/_next/static/chunks/0n6e_next_dist_12aclvs._.js:1052
[ 6459653ms] [ERROR] ./app/personalizar/[slug]/page.tsx:481:13
Error: Expected '</', got '{'
  479 |             </div>
  480 |
> 481 |             {/* Action bar for active layer */}
      |             ^
  482 |             {activeLayerId && (() => {
  483 |               const layer = layers.find(l => l.id === activeLayerId);
  484 |               if (!layer) return null;

Parsing ecmascript source code failed

Import traces:
  Client Component Browser:
    ./app/personalizar/[slug]/page.tsx [Client Component Browser]
    ./app/personalizar/[slug]/page.tsx [Server Component]

  Client Component SSR:
    ./app/personalizar/[slug]/page.tsx [Client Component SSR]
    ./app/personalizar/[slug]/page.tsx [Server Component] @ http://localhost:3000/_next/static/chunks/0n6e_next_dist_12aclvs._.js:1052
[ 6459732ms] [ERROR] ./app/personalizar/[slug]/page.tsx:481:13
Error: Expected '</', got '{'
  479 |             </div>
  480 |
> 481 |             {/* Action bar for active layer */}
      |             ^
  482 |             {activeLayerId && (() => {
  483 |               const layer = layers.find(l => l.id === activeLayerId);
  484 |               if (!layer) return null;

Parsing ecmascript source code failed

Import traces:
  Client Component Browser:
    ./app/personalizar/[slug]/page.tsx [Client Component Browser]
    ./app/personalizar/[slug]/page.tsx [Server Component]

  Client Component SSR:
    ./app/personalizar/[slug]/page.tsx [Client Component SSR]
    ./app/personalizar/[slug]/page.tsx [Server Component] @ http://localhost:3000/_next/static/chunks/0n6e_next_dist_12aclvs._.js:1052
[ 6464618ms] [ERROR] ./app/personalizar/[slug]/page.tsx:481:13
Error: Expected '</', got '{'
  479 |             </div>
  480 |
> 481 |             {/* Action bar for active layer */}
      |             ^
  482 |             {activeLayerId && (() => {
  483 |               const layer = layers.find(l => l.id === activeLayerId);
  484 |               if (!layer) return null;

Parsing ecmascript source code failed

Import traces:
  Client Component Browser:
    ./app/personalizar/[slug]/page.tsx [Client Component Browser]
    ./app/personalizar/[slug]/page.tsx [Server Component]

  Client Component SSR:
    ./app/personalizar/[slug]/page.tsx [Client Component SSR]
    ./app/personalizar/[slug]/page.tsx [Server Component] @ http://localhost:3000/_next/static/chunks/0n6e_next_dist_12aclvs._.js:1052
[ 6567527ms] [ERROR] ./app/personalizar/[slug]/page.tsx:481:13
Error: Expected '</', got '{'
  479 |             </div>
  480 |
> 481 |             {/* Action bar for active layer */}
      |             ^
  482 |             {activeLayerId && (() => {
  483 |               const layer = layers.find(l => l.id === activeLayerId);
  484 |               if (!layer) return null;

Parsing ecmascript source code failed

Import traces:
  Client Component Browser:
    ./app/personalizar/[slug]/page.tsx [Client Component Browser]
    ./app/personalizar/[slug]/page.tsx [Server Component]

  Client Component SSR:
    ./app/personalizar/[slug]/page.tsx [Client Component SSR]
    ./app/personalizar/[slug]/page.tsx [Server Component] @ http://localhost:3000/_next/static/chunks/0n6e_next_dist_12aclvs._.js:1052
[ 6599530ms] [ERROR] ./app/personalizar/[slug]/page.tsx:481:13
Error: Expected '</', got '{'
  479 |             </div>
  480 |
> 481 |             {/* Action bar for active layer */}
      |             ^
  482 |             {activeLayerId && (() => {
  483 |               const layer = layers.find(l => l.id === activeLayerId);
  484 |               if (!layer) return null;

Parsing ecmascript source code failed

Import traces:
  Client Component Browser:
    ./app/personalizar/[slug]/page.tsx [Client Component Browser]
    ./app/personalizar/[slug]/page.tsx [Server Component]

  Client Component SSR:
    ./app/personalizar/[slug]/page.tsx [Client Component SSR]
    ./app/personalizar/[slug]/page.tsx [Server Component] @ http://localhost:3000/_next/static/chunks/0n6e_next_dist_12aclvs._.js:1052
[ 6599748ms] [LOG] [Fast Refresh] rebuilding @ http://localhost:3000/_next/static/chunks/0n6e_next_dist_12aclvs._.js:776
[ 6603187ms] [ERROR] ./app/personalizar/[slug]/page.tsx:14:1
Error: Export BoxOpen doesn't exist in target module
  12 | import { Input } from '@/components/ui/input';
  13 | import { Label } from '@/components/ui/label';
> 14 | import { Upload, ChevronLeft, RotateCcw, Plus, ShoppingBag, BoxOpen, SquareTerminal } from 'lucide-react';
     | ^^^^^^^^^^^^^^^^^^^^^^^^^^^^^^^^^^^^^^^^^^^^^^^^^^^^^^^^^^^^^^^^^^^^^^^^^^^^^^^^^^^^^^^^^^^^^^^^^^^^^^^^^^
  15 | import { ThreeCanvasLoader } from '@/components/ui/ThreeCanvasLoader';
  16 |
  17 | export default function PersonalizarPage({ params }: { params: Promise<{ slug: string }> }) {

The export BoxOpen was not found in module [project]/node_modules/.pnpm/lucide-react@1.40.0_react@19.2.8/node_modules/lucide-react/dist/esm/lucide-react.mjs [app-client] (ecmascript).
Did you mean to import BookOpen?
All exports of the module are statically known (It doesn't have dynamic exports). So it's known statically that the requested export doesn't exist.

Import traces:
  Client Component Browser:
    ./app/personalizar/[slug]/page.tsx [Client Component Browser]
    ./app/personalizar/[slug]/page.tsx [Server Component]

  Client Component SSR:
    ./app/personalizar/[slug]/page.tsx [Client Component SSR]
    ./app/personalizar/[slug]/page.tsx [Server Component] @ http://localhost:3000/_next/static/chunks/0n6e_next_dist_12aclvs._.js:1052
[ 6603188ms] [ERROR] ./app/personalizar/[slug]/page.tsx:14:1
Error: Export BoxOpen doesn't exist in target module
  12 | import { Input } from '@/components/ui/input';
  13 | import { Label } from '@/components/ui/label';
> 14 | import { Upload, ChevronLeft, RotateCcw, Plus, ShoppingBag, BoxOpen, SquareTerminal } from 'lucide-react';
     | ^^^^^^^^^^^^^^^^^^^^^^^^^^^^^^^^^^^^^^^^^^^^^^^^^^^^^^^^^^^^^^^^^^^^^^^^^^^^^^^^^^^^^^^^^^^^^^^^^^^^^^^^^^
  15 | import { ThreeCanvasLoader } from '@/components/ui/ThreeCanvasLoader';
  16 |
  17 | export default function PersonalizarPage({ params }: { params: Promise<{ slug: string }> }) {

The export BoxOpen was not found in module [project]/node_modules/.pnpm/lucide-react@1.40.0_react@19.2.8/node_modules/lucide-react/dist/esm/lucide-react.mjs [app-ssr] (ecmascript).
Did you mean to import BookOpen?
All exports of the module are statically known (It doesn't have dynamic exports). So it's known statically that the requested export doesn't exist.

Import traces:
  Client Component Browser:
    ./app/personalizar/[slug]/page.tsx [Client Component Browser]
    ./app/personalizar/[slug]/page.tsx [Server Component]

  Client Component SSR:
    ./app/personalizar/[slug]/page.tsx [Client Component SSR]
    ./app/personalizar/[slug]/page.tsx [Server Component] @ http://localhost:3000/_next/static/chunks/0n6e_next_dist_12aclvs._.js:1052
[ 6657388ms] [ERROR] ./app/personalizar/[slug]/page.tsx:14:1
Error: Export BoxOpen doesn't exist in target module
  12 | import { Input } from '@/components/ui/input';
  13 | import { Label } from '@/components/ui/label';
> 14 | import { Upload, ChevronLeft, RotateCcw, Plus, ShoppingBag, BoxOpen, SquareTerminal } from 'lucide-react';
     | ^^^^^^^^^^^^^^^^^^^^^^^^^^^^^^^^^^^^^^^^^^^^^^^^^^^^^^^^^^^^^^^^^^^^^^^^^^^^^^^^^^^^^^^^^^^^^^^^^^^^^^^^^^
  15 | import { ThreeCanvasLoader } from '@/components/ui/ThreeCanvasLoader';
  16 |
  17 | export default function PersonalizarPage({ params }: { params: Promise<{ slug: string }> }) {

The export BoxOpen was not found in module [project]/node_modules/.pnpm/lucide-react@1.40.0_react@19.2.8/node_modules/lucide-react/dist/esm/lucide-react.mjs [app-client] (ecmascript).
Did you mean to import BookOpen?
All exports of the module are statically known (It doesn't have dynamic exports). So it's known statically that the requested export doesn't exist.

Import traces:
  Client Component Browser:
    ./app/personalizar/[slug]/page.tsx [Client Component Browser]
    ./app/personalizar/[slug]/page.tsx [Server Component]

  Client Component SSR:
    ./app/personalizar/[slug]/page.tsx [Client Component SSR]
    ./app/personalizar/[slug]/page.tsx [Server Component] @ http://localhost:3000/_next/static/chunks/0n6e_next_dist_12aclvs._.js:1052
[ 6657389ms] [ERROR] ./app/personalizar/[slug]/page.tsx:14:1
Error: Export BoxOpen doesn't exist in target module
  12 | import { Input } from '@/components/ui/input';
  13 | import { Label } from '@/components/ui/label';
> 14 | import { Upload, ChevronLeft, RotateCcw, Plus, ShoppingBag, BoxOpen, SquareTerminal } from 'lucide-react';
     | ^^^^^^^^^^^^^^^^^^^^^^^^^^^^^^^^^^^^^^^^^^^^^^^^^^^^^^^^^^^^^^^^^^^^^^^^^^^^^^^^^^^^^^^^^^^^^^^^^^^^^^^^^^
  15 | import { ThreeCanvasLoader } from '@/components/ui/ThreeCanvasLoader';
  16 |
  17 | export default function PersonalizarPage({ params }: { params: Promise<{ slug: string }> }) {

The export BoxOpen was not found in module [project]/node_modules/.pnpm/lucide-react@1.40.0_react@19.2.8/node_modules/lucide-react/dist/esm/lucide-react.mjs [app-ssr] (ecmascript).
Did you mean to import BookOpen?
All exports of the module are statically known (It doesn't have dynamic exports). So it's known statically that the requested export doesn't exist.

Import traces:
  Client Component Browser:
    ./app/personalizar/[slug]/page.tsx [Client Component Browser]
    ./app/personalizar/[slug]/page.tsx [Server Component]

  Client Component SSR:
    ./app/personalizar/[slug]/page.tsx [Client Component SSR]
    ./app/personalizar/[slug]/page.tsx [Server Component] @ http://localhost:3000/_next/static/chunks/0n6e_next_dist_12aclvs._.js:1052
[ 6784751ms] [LOG] [Fast Refresh] rebuilding @ http://localhost:3000/_next/static/chunks/0n6e_next_dist_12aclvs._.js:776
[ 6784794ms] [LOG] [Fast Refresh] done in 112ms @ http://localhost:3000/_next/static/chunks/0n6e_next_dist_12aclvs._.js:776
[ 6855519ms] [LOG] [Fast Refresh] done in 112ms @ http://localhost:3000/_next/static/chunks/0n6e_next_dist_12aclvs._.js:776
[ 6855593ms] [LOG] [Fast Refresh] done in 70874ms @ http://localhost:3000/_next/static/chunks/0n6e_next_dist_12aclvs._.js:776
[ 6987846ms] [LOG] [Fast Refresh] done in 70874ms @ http://localhost:3000/_next/static/chunks/0n6e_next_dist_12aclvs._.js:776
[ 8166381ms] [LOG] [HMR] connected @ http://localhost:3000/_next/static/chunks/0n6e_next_dist_12aclvs._.js:776
[ 8167459ms] [INFO] %cDownload the React DevTools for a better development experience: https://react.dev/link/react-devtools font-weight:bold @ http://localhost:3000/_next/static/chunks/0n6e_next_dist_12aclvs._.js:776
[ 8167475ms] [LOG] [HMR] connected @ http://localhost:3000/_next/static/chunks/0n6e_next_dist_12aclvs._.js:776
[ 8174317ms] [LOG] [Fast Refresh] rebuilding @ http://localhost:3000/_next/static/chunks/0n6e_next_dist_12aclvs._.js:776
[ 8174333ms] [LOG] [Fast Refresh] done in 125ms @ http://localhost:3000/_next/static/chunks/0n6e_next_dist_12aclvs._.js:776
[ 8177675ms] [LOG] [Fast Refresh] rebuilding @ http://localhost:3000/_next/static/chunks/0n6e_next_dist_12aclvs._.js:776
[ 8177786ms] [LOG] [Fast Refresh] done in 222ms @ http://localhost:3000/_next/static/chunks/0n6e_next_dist_12aclvs._.js:776
